This is a binary operation, requiring 2 argument.